main.c:82:6:HAL_GPIO_EXTI_Callback	16	static
main.c:90:6:HAL_UART_RxCpltCallback	16	static
main.c:114:6:HAL_ADC_ConvCpltCallback	24	static
main.c:133:5:main	8	static
main.c:188:6:SystemClock_Config	96	static
main.c:238:13:MX_ADC_Init	24	static
main.c:307:13:MX_RTC_Init	32	static
main.c:369:13:MX_USART2_UART_Init	8	static
main.c:400:13:MX_DMA_Init	16	static
main.c:418:13:MX_GPIO_Init	48	static
main.c:468:6:debugPrint	16	static
main.c:472:6:debugPrintln	24	static
main.c:483:6:Error_Handler	4	static,ignoring_inline_asm
